2023-01-01T01:11:11Z|the_user|A|root|#FFFFFF
2023-02-01T02:22:22Z|the_user|A|root/README|#0000FF
2023-03-01T03:33:33Z|the_user|A|root/the/file|#FF0000
2023-04-01T04:44:44Z|the_user|M|root/the/file|#FF0000
2023-05-01T05:55:55Z|the_user|A|root/the/file2|#00FF00
